../Core/Src/main.c:92:5:main	8	static
../Core/Src/main.c:147:6:SystemClock_Config	88	static
../Core/Src/main.c:194:13:MX_ADC1_Init	24	static
../Core/Src/main.c:280:13:MX_DAC1_Init	48	static
../Core/Src/main.c:323:13:MX_TIM16_Init	8	static
../Core/Src/main.c:355:13:MX_USART1_UART_Init	8	static
../Core/Src/main.c:401:13:MX_DMA_Init	16	static
../Core/Src/main.c:422:13:MX_GPIO_Init	16	static
../Core/Src/main.c:438:6:HAL_ADC_ConvCpltCallback	16	static
../Core/Src/main.c:451:6:HAL_TIM_PeriodElapsedCallback	40	static,ignoring_inline_asm
../Core/Src/main.c:486:6:Error_Handler	8	static,ignoring_inline_asm
